// Jest Snapshot v1, https://goo.gl/fbAQLP

exports[`ContactMap successfully rendered 1`] = `
<div
  style={
    Object {
      "height": "100%",
      "left": 0,
      "position": "absolute",
      "top": 0,
      "width": "100%",
    }
  }
/>
`;
