// Jest Snapshot v1, https://goo.gl/fbAQLP

exports[`Container successfully rendered 1`] = `
.c0 {
  max-width: 1366px;
  width: 100%;
  margin: 0 auto;
}

<div
  className="c0"
>
  <div />
</div>
`;
