// Jest Snapshot v1, https://goo.gl/fbAQLP

exports[`Header successfully rendered 1`] = `
.c1 {
  max-width: 1366px;
  width: 100%;
  margin: 0 auto;
}

.c0 {
  z-index: 5;
  position: fixed;
  top: 0;
  left: 50%;
  width: 100vw;
  -webkit-transform: translateX(-50%);
  -ms-transform: translateX(-50%);
  transform: translateX(-50%);
  background-color: rgba(26,26,26,0.9);
}

.c2 {
  display: -webkit-box;
  display: -webkit-flex;
  display: -ms-flexbox;
  display: flex;
  -webkit-align-items: flex-start;
  -webkit-box-align: flex-start;
  -ms-flex-align: flex-start;
  align-items: flex-start;
  min-height: 74px;
  padding-top: 23px;
  padding-right: 33px;
  padding-bottom: 23px;
  padding-left: 32px;
}

.c3 {
  margin-right: 250px;
}

.c4 {
  display: -webkit-box;
  display: -webkit-flex;
  display: -ms-flexbox;
  display: flex;
  -webkit-flex-wrap: wrap;
  -ms-flex-wrap: wrap;
  flex-wrap: wrap;
  -webkit-align-items: flex-start;
  -webkit-box-align: flex-start;
  -ms-flex-align: flex-start;
  align-items: flex-start;
  max-width: 600px;
  margin: 0;
  padding: 0;
  padding-top: 17px;
  padding-bottom: 17px;
  margin-bottom: -10px;
  list-style: none;
}

.c5:not(:last-child) {
  margin-right: 49px;
  margin-bottom: 10px;
}

.c6 {
  display: block;
  max-width: 100px;
  font-size: 14px;
  line-height: 16px;
  -webkit-letter-spacing: 0.03em;
  -moz-letter-spacing: 0.03em;
  -ms-letter-spacing: 0.03em;
  letter-spacing: 0.03em;
  font-weight: 600;
  text-transform: uppercase;
  color: #F0F0F0;
  color: #F2890F;
}

.c6:focus,
.c6:hover {
  color: #F2890F;
}

.c7 {
  display: block;
  max-width: 100px;
  font-size: 14px;
  line-height: 16px;
  -webkit-letter-spacing: 0.03em;
  -moz-letter-spacing: 0.03em;
  -ms-letter-spacing: 0.03em;
  letter-spacing: 0.03em;
  font-weight: 600;
  text-transform: uppercase;
  color: #F0F0F0;
}

.c7:focus,
.c7:hover {
  color: #F2890F;
}

.c8 {
  margin-top: 17px;
  margin-left: auto;
  font-size: 14px;
  line-height: 16px;
  -webkit-letter-spacing: 0.03em;
  -moz-letter-spacing: 0.03em;
  -ms-letter-spacing: 0.03em;
  letter-spacing: 0.03em;
  font-weight: 600;
  color: #F0F0F0;
  font-feature-settings: 'pnum' on,'lnum' on;
}

.c8:focus,
.c8:hover {
  color: #F2890F;
}

@media (max-width:1300px) {
  .c3 {
    margin-right: auto;
  }
}

<header
  className="c0"
>
  <div
    className="c1 c2"
  >
    <a
      className="c3"
    >
      <img
        alt="Логотип Escape Room"
        className=""
        height="50"
        src="logo.svg"
        width="134"
      />
    </a>
    <nav
      className=""
    >
      <ul
        className="c4"
      >
        <li
          className="c5"
        >
          <a
            className="c6"
            href="/"
            onClick={[Function]}
          >
            Квесты
          </a>
        </li>
        <li
          className="c5"
        >
          <a
            className="c7"
            data-test="test-header-link-click"
            href="/"
            onClick={[Function]}
          >
            Новичкам
          </a>
        </li>
        <li
          className="c5"
        >
          <a
            className="c7"
            data-test="test-header-link-click"
            href="/"
            onClick={[Function]}
          >
            Отзывы
          </a>
        </li>
        <li
          className="c5"
        >
          <a
            className="c7"
            data-test="test-header-link-click"
            href="/"
            onClick={[Function]}
          >
            Акции
          </a>
        </li>
        <li
          className="c5"
        >
          <a
            className="c7"
            href="/contacts"
            onClick={[Function]}
          >
            Контакты
          </a>
        </li>
      </ul>
    </nav>
    <a
      className="c8"
      href="tel:88003335599"
    >
      8 (800) 333-55-99
    </a>
  </div>
</header>
`;
