// Jest Snapshot v1, https://goo.gl/fbAQLP

exports[`PageTitle successfully rendered 1`] = `
.c0 {
  margin: 0;
  padding: 0;
  font-size: 64px;
  line-height: 110%;
  font-weight: 800;
  color: #FFFFFF;
}

<h1
  className="c0"
>
  Some Simple Mock text
</h1>
`;
