// Jest Snapshot v1, https://goo.gl/fbAQLP

exports[`PageHeading successfully rendered 1`] = `
.c0 {
  display: -webkit-box;
  display: -webkit-flex;
  display: -ms-flexbox;
  display: flex;
  -webkit-flex-direction: column-reverse;
  -ms-flex-direction: column-reverse;
  flex-direction: column-reverse;
  margin-bottom: 48px;
}

<div
  className="c0"
>
  <div />
</div>
`;
