// Jest Snapshot v1, https://goo.gl/fbAQLP

exports[`Button successfully rendered 1`] = `
.c0 {
  display: -webkit-box;
  display: -webkit-flex;
  display: -ms-flexbox;
  display: flex;
  -webkit-align-items: center;
  -webkit-box-align: center;
  -ms-flex-align: center;
  align-items: center;
  max-width: 100%;
  margin: 0;
  padding-top: 22px;
  padding-right: 47px;
  padding-bottom: 23px;
  padding-left: 48px;
  font-family: inherit;
  font-size: 17px;
  line-height: 20px;
  -webkit-letter-spacing: 0.03em;
  -moz-letter-spacing: 0.03em;
  -ms-letter-spacing: 0.03em;
  letter-spacing: 0.03em;
  font-weight: 800;
  text-transform: uppercase;
  color: #FFFFFF;
  background-color: #F2890F;
  border: none;
  border-radius: 65px;
  cursor: pointer;
}

.c0:focus,
.c0:hover {
  background-color: #F39425;
}

.c0:active {
  opacity: 0.8;
}

<button
  className="c0"
>
  Some Simple Mock text
</button>
`;
