// Jest Snapshot v1, https://goo.gl/fbAQLP

exports[`PageSubtext successfully rendered 1`] = `
.c0 {
  margin: 0;
  margin-bottom: 9px;
  padding: 0;
  font-size: 14px;
  line-height: 144%;
  color: #F2890F;
}

<p
  className="c0"
>
  Some Simple Mock text
</p>
`;
